// Jest Snapshot v1, https://goo.gl/fbAQLP

exports[`Notice should match snapshot 1`] = `
<div
  className="components-notice is-success is-dismissible"
>
  <div
    className="components-notice__content"
  >
    Example
    <ForwardRef(Button)
      className="components-notice__action"
      href="https://example.com"
      isLink={true}
      isSecondary={false}
    >
      More information
    </ForwardRef(Button)>
    <ForwardRef(Button)
      className="components-notice__action"
      isLink={false}
      isSecondary={true}
      onClick={[Function]}
    >
      Cancel
    </ForwardRef(Button)>
    <ForwardRef(Button)
      className="components-notice__action"
      isLink={false}
      isPrimary={true}
      isSecondary={true}
      onClick={[Function]}
    >
      Submit
    </ForwardRef(Button)>
  </div>
  <ForwardRef(Button)
    className="components-notice__dismiss"
    icon="no-alt"
    label="Dismiss this notice"
    onClick={[Function]}
    showTooltip={false}
  />
</div>
`;
